=== Iteration N=100 ===
Profiles evaluated: 200
Successful cracks: 184
success@100: 0.9200
profiles_with_at_least_2_hits@100: 0.6100
profiles_with_at_least_3_hits@100: 0.1650
Passwords cracked: 348/1973
password_recall@100: 0.1764
average_profile_recall@100: 0.1770
=== Iteration N=200 ===
Profiles evaluated: 200
Successful cracks: 189
success@200: 0.9450
profiles_with_at_least_2_hits@200: 0.7300
profiles_with_at_least_3_hits@200: 0.3650
Passwords cracked: 432/1973
password_recall@200: 0.2190
average_profile_recall@200: 0.2195
=== Iteration N=500 ===
Profiles evaluated: 200
Successful cracks: 198
success@500: 0.9900
profiles_with_at_least_2_hits@500: 0.9400
profiles_with_at_least_3_hits@500: 0.7300
Passwords cracked: 636/1973
password_recall@500: 0.3224
average_profile_recall@500: 0.3225
=== Iteration N=1000 ===
Profiles evaluated: 200
Successful cracks: 198
success@1000: 0.9900
profiles_with_at_least_2_hits@1000: 0.9650
profiles_with_at_least_3_hits@1000: 0.8250
Passwords cracked: 724/1973
password_recall@1000: 0.3670
average_profile_recall@1000: 0.3673
=== Iteration N=2000 ===
Profiles evaluated: 200
Successful cracks: 198
success@2000: 0.9900
profiles_with_at_least_2_hits@2000: 0.9700
profiles_with_at_least_3_hits@2000: 0.8900
Passwords cracked: 823/1973
password_recall@2000: 0.4171
average_profile_recall@2000: 0.4177
=== Iteration N=5000 ===
Profiles evaluated: 200
Successful cracks: 198
success@5000: 0.9900
profiles_with_at_least_2_hits@5000: 0.9750
profiles_with_at_least_3_hits@5000: 0.9400
Passwords cracked: 936/1973
password_recall@5000: 0.4744
average_profile_recall@5000: 0.4747
=== Iteration N=10000 ===
Profiles evaluated: 200
Successful cracks: 198
success@10000: 0.9900
profiles_with_at_least_2_hits@10000: 0.9750
profiles_with_at_least_3_hits@10000: 0.9600
Passwords cracked: 989/1973
password_recall@10000: 0.5013
average_profile_recall@10000: 0.5017
=== Iteration N=20000 ===
Profiles evaluated: 200
Successful cracks: 198
success@20000: 0.9900
profiles_with_at_least_2_hits@20000: 0.9750
profiles_with_at_least_3_hits@20000: 0.9600
Passwords cracked: 1003/1973
password_recall@20000: 0.5084
average_profile_recall@20000: 0.5087
=== Iteration N=50000 ===
Profiles evaluated: 200
Successful cracks: 198
success@50000: 0.9900
profiles_with_at_least_2_hits@50000: 0.9750
profiles_with_at_least_3_hits@50000: 0.9600
Passwords cracked: 1005/1973
password_recall@50000: 0.5094
average_profile_recall@50000: 0.5097
