=== Iteration N=100 ===
Profiles evaluated: 200
Successful cracks: 181
success@100: 0.9050
profiles_with_at_least_2_hits@100: 0.5300
profiles_with_at_least_3_hits@100: 0.1100
Passwords cracked: 317/1973
password_recall@100: 0.1607
average_profile_recall@100: 0.1612
=== Iteration N=200 ===
Profiles evaluated: 200
Successful cracks: 183
success@200: 0.9150
profiles_with_at_least_2_hits@200: 0.6300
profiles_with_at_least_3_hits@200: 0.2250
Passwords cracked: 366/1973
password_recall@200: 0.1855
average_profile_recall@200: 0.1860
=== Iteration N=500 ===
Profiles evaluated: 200
Successful cracks: 196
success@500: 0.9800
profiles_with_at_least_2_hits@500: 0.7750
profiles_with_at_least_3_hits@500: 0.4250
Passwords cracked: 478/1973
password_recall@500: 0.2423
average_profile_recall@500: 0.2427
=== Iteration N=1000 ===
Profiles evaluated: 200
Successful cracks: 197
success@1000: 0.9850
profiles_with_at_least_2_hits@1000: 0.9050
profiles_with_at_least_3_hits@1000: 0.6850
Passwords cracked: 613/1973
password_recall@1000: 0.3107
average_profile_recall@1000: 0.3117
=== Iteration N=2000 ===
Profiles evaluated: 200
Successful cracks: 198
success@2000: 0.9900
profiles_with_at_least_2_hits@2000: 0.9600
profiles_with_at_least_3_hits@2000: 0.8400
Passwords cracked: 749/1973
password_recall@2000: 0.3796
average_profile_recall@2000: 0.3804
=== Iteration N=5000 ===
Profiles evaluated: 200
Successful cracks: 198
success@5000: 0.9900
profiles_with_at_least_2_hits@5000: 0.9750
profiles_with_at_least_3_hits@5000: 0.9150
Passwords cracked: 874/1973
password_recall@5000: 0.4430
average_profile_recall@5000: 0.4436
=== Iteration N=10000 ===
Profiles evaluated: 200
Successful cracks: 198
success@10000: 0.9900
profiles_with_at_least_2_hits@10000: 0.9750
profiles_with_at_least_3_hits@10000: 0.9600
Passwords cracked: 955/1973
password_recall@10000: 0.4840
average_profile_recall@10000: 0.4846
=== Iteration N=20000 ===
Profiles evaluated: 200
Successful cracks: 198
success@20000: 0.9900
profiles_with_at_least_2_hits@20000: 0.9750
profiles_with_at_least_3_hits@20000: 0.9650
Passwords cracked: 999/1973
password_recall@20000: 0.5063
average_profile_recall@20000: 0.5069
=== Iteration N=50000 ===
Profiles evaluated: 200
Successful cracks: 198
success@50000: 0.9900
profiles_with_at_least_2_hits@50000: 0.9750
profiles_with_at_least_3_hits@50000: 0.9650
Passwords cracked: 1023/1973
password_recall@50000: 0.5185
average_profile_recall@50000: 0.5190
