=== Iteration N=100 ===
Profiles evaluated: 200
Successful cracks: 0
success@100: 0.0000
profiles_with_at_least_2_hits@100: 0.0000
profiles_with_at_least_3_hits@100: 0.0000
Passwords cracked: 0/1973
password_recall@100: 0.0000
average_profile_recall@100: 0.0000
=== Iteration N=200 ===
Profiles evaluated: 200
Successful cracks: 0
success@200: 0.0000
profiles_with_at_least_2_hits@200: 0.0000
profiles_with_at_least_3_hits@200: 0.0000
Passwords cracked: 0/1973
password_recall@200: 0.0000
average_profile_recall@200: 0.0000
=== Iteration N=500 ===
Profiles evaluated: 200
Successful cracks: 0
success@500: 0.0000
profiles_with_at_least_2_hits@500: 0.0000
profiles_with_at_least_3_hits@500: 0.0000
Passwords cracked: 0/1973
password_recall@500: 0.0000
average_profile_recall@500: 0.0000
=== Iteration N=1000 ===
Profiles evaluated: 200
Successful cracks: 0
success@1000: 0.0000
profiles_with_at_least_2_hits@1000: 0.0000
profiles_with_at_least_3_hits@1000: 0.0000
Passwords cracked: 0/1973
password_recall@1000: 0.0000
average_profile_recall@1000: 0.0000
=== Iteration N=2000 ===
Profiles evaluated: 200
Successful cracks: 0
success@2000: 0.0000
profiles_with_at_least_2_hits@2000: 0.0000
profiles_with_at_least_3_hits@2000: 0.0000
Passwords cracked: 0/1973
password_recall@2000: 0.0000
average_profile_recall@2000: 0.0000
=== Iteration N=5000 ===
Profiles evaluated: 200
Successful cracks: 0
success@5000: 0.0000
profiles_with_at_least_2_hits@5000: 0.0000
profiles_with_at_least_3_hits@5000: 0.0000
Passwords cracked: 0/1973
password_recall@5000: 0.0000
average_profile_recall@5000: 0.0000
=== Iteration N=10000 ===
Profiles evaluated: 200
Successful cracks: 0
success@10000: 0.0000
profiles_with_at_least_2_hits@10000: 0.0000
profiles_with_at_least_3_hits@10000: 0.0000
Passwords cracked: 0/1973
password_recall@10000: 0.0000
average_profile_recall@10000: 0.0000
=== Iteration N=20000 ===
Profiles evaluated: 200
Successful cracks: 0
success@20000: 0.0000
profiles_with_at_least_2_hits@20000: 0.0000
profiles_with_at_least_3_hits@20000: 0.0000
Passwords cracked: 0/1973
password_recall@20000: 0.0000
average_profile_recall@20000: 0.0000
=== Iteration N=50000 ===
Profiles evaluated: 200
Successful cracks: 0
success@50000: 0.0000
profiles_with_at_least_2_hits@50000: 0.0000
profiles_with_at_least_3_hits@50000: 0.0000
Passwords cracked: 0/1973
password_recall@50000: 0.0000
average_profile_recall@50000: 0.0000
