=== Iteration N=100 ===
Profiles evaluated: 200
Successful cracks: 43
success@100: 0.2150
profiles_with_at_least_2_hits@100: 0.0050
profiles_with_at_least_3_hits@100: 0.0000
Passwords cracked: 44/1973
password_recall@100: 0.0223
average_profile_recall@100: 0.0224
=== Iteration N=200 ===
Profiles evaluated: 200
Successful cracks: 61
success@200: 0.3050
profiles_with_at_least_2_hits@200: 0.0350
profiles_with_at_least_3_hits@200: 0.0000
Passwords cracked: 68/1973
password_recall@200: 0.0345
average_profile_recall@200: 0.0347
=== Iteration N=500 ===
Profiles evaluated: 200
Successful cracks: 91
success@500: 0.4550
profiles_with_at_least_2_hits@500: 0.1200
profiles_with_at_least_3_hits@500: 0.0100
Passwords cracked: 117/1973
password_recall@500: 0.0593
average_profile_recall@500: 0.0596
=== Iteration N=1000 ===
Profiles evaluated: 200
Successful cracks: 115
success@1000: 0.5750
profiles_with_at_least_2_hits@1000: 0.1800
profiles_with_at_least_3_hits@1000: 0.0150
Passwords cracked: 155/1973
password_recall@1000: 0.0786
average_profile_recall@1000: 0.0788
=== Iteration N=2000 ===
Profiles evaluated: 200
Successful cracks: 150
success@2000: 0.7500
profiles_with_at_least_2_hits@2000: 0.3400
profiles_with_at_least_3_hits@2000: 0.0800
Passwords cracked: 236/1973
password_recall@2000: 0.1196
average_profile_recall@2000: 0.1197
=== Iteration N=5000 ===
Profiles evaluated: 200
Successful cracks: 176
success@5000: 0.8800
profiles_with_at_least_2_hits@5000: 0.5100
profiles_with_at_least_3_hits@5000: 0.2200
Passwords cracked: 328/1973
password_recall@5000: 0.1662
average_profile_recall@5000: 0.1665
=== Iteration N=10000 ===
Profiles evaluated: 200
Successful cracks: 183
success@10000: 0.9150
profiles_with_at_least_2_hits@10000: 0.6050
profiles_with_at_least_3_hits@10000: 0.3150
Passwords cracked: 389/1973
password_recall@10000: 0.1972
average_profile_recall@10000: 0.1977
=== Iteration N=20000 ===
Profiles evaluated: 200
Successful cracks: 188
success@20000: 0.9400
profiles_with_at_least_2_hits@20000: 0.6750
profiles_with_at_least_3_hits@20000: 0.3900
Passwords cracked: 439/1973
password_recall@20000: 0.2225
average_profile_recall@20000: 0.2229
=== Iteration N=50000 ===
Profiles evaluated: 200
Successful cracks: 192
success@50000: 0.9600
profiles_with_at_least_2_hits@50000: 0.8000
profiles_with_at_least_3_hits@50000: 0.5400
Passwords cracked: 527/1973
password_recall@50000: 0.2671
average_profile_recall@50000: 0.2677
