=== Iteration N=100 ===
Profiles evaluated: 200
Successful cracks: 87
success@100: 0.4350
profiles_with_at_least_2_hits@100: 0.1600
profiles_with_at_least_3_hits@100: 0.0150
Passwords cracked: 122/1953
password_recall@100: 0.0625
average_profile_recall@100: 0.0626
=== Iteration N=200 ===
Profiles evaluated: 200
Successful cracks: 107
success@200: 0.5350
profiles_with_at_least_2_hits@200: 0.2050
profiles_with_at_least_3_hits@200: 0.0600
Passwords cracked: 161/1953
password_recall@200: 0.0824
average_profile_recall@200: 0.0828
=== Iteration N=500 ===
Profiles evaluated: 200
Successful cracks: 168
success@500: 0.8400
profiles_with_at_least_2_hits@500: 0.4200
profiles_with_at_least_3_hits@500: 0.1750
Passwords cracked: 300/1953
password_recall@500: 0.1536
average_profile_recall@500: 0.1540
=== Iteration N=1000 ===
Profiles evaluated: 200
Successful cracks: 177
success@1000: 0.8850
profiles_with_at_least_2_hits@1000: 0.5550
profiles_with_at_least_3_hits@1000: 0.2650
Passwords cracked: 365/1953
password_recall@1000: 0.1869
average_profile_recall@1000: 0.1873
=== Iteration N=2000 ===
Profiles evaluated: 200
Successful cracks: 190
success@2000: 0.9500
profiles_with_at_least_2_hits@2000: 0.6700
profiles_with_at_least_3_hits@2000: 0.3700
Passwords cracked: 446/1953
password_recall@2000: 0.2284
average_profile_recall@2000: 0.2290
=== Iteration N=5000 ===
Profiles evaluated: 200
Successful cracks: 195
success@5000: 0.9750
profiles_with_at_least_2_hits@5000: 0.7500
profiles_with_at_least_3_hits@5000: 0.4600
Passwords cracked: 502/1953
password_recall@5000: 0.2570
average_profile_recall@5000: 0.2577
=== Iteration N=10000 ===
Profiles evaluated: 200
Successful cracks: 195
success@10000: 0.9750
profiles_with_at_least_2_hits@10000: 0.8100
profiles_with_at_least_3_hits@10000: 0.5350
Passwords cracked: 551/1953
password_recall@10000: 0.2821
average_profile_recall@10000: 0.2825
=== Iteration N=20000 ===
Profiles evaluated: 200
Successful cracks: 195
success@20000: 0.9750
profiles_with_at_least_2_hits@20000: 0.8250
profiles_with_at_least_3_hits@20000: 0.5650
Passwords cracked: 570/1953
password_recall@20000: 0.2919
average_profile_recall@20000: 0.2921
=== Iteration N=50000 ===
Profiles evaluated: 200
Successful cracks: 195
success@50000: 0.9750
profiles_with_at_least_2_hits@50000: 0.8300
profiles_with_at_least_3_hits@50000: 0.5650
Passwords cracked: 572/1953
password_recall@50000: 0.2929
average_profile_recall@50000: 0.2931
=== Iteration N=100000 ===
Profiles evaluated: 200
Successful cracks: 195
success@100000: 0.9750
profiles_with_at_least_2_hits@100000: 0.8300
profiles_with_at_least_3_hits@100000: 0.5650
Passwords cracked: 572/1953
password_recall@100000: 0.2929
average_profile_recall@100000: 0.2931
=== Iteration N=200000 ===
Profiles evaluated: 200
Successful cracks: 195
success@200000: 0.9750
profiles_with_at_least_2_hits@200000: 0.8300
profiles_with_at_least_3_hits@200000: 0.5650
Passwords cracked: 572/1953
password_recall@200000: 0.2929
average_profile_recall@200000: 0.2931
=== Iteration N=500000 ===
Profiles evaluated: 200
Successful cracks: 195
success@500000: 0.9750
profiles_with_at_least_2_hits@500000: 0.8300
profiles_with_at_least_3_hits@500000: 0.5650
Passwords cracked: 572/1953
password_recall@500000: 0.2929
average_profile_recall@500000: 0.2931
