=== Iteration N=100 ===
Profiles evaluated: 200
Successful cracks: 0
success@100: 0.0000
profiles_with_at_least_2_hits@100: 0.0000
profiles_with_at_least_3_hits@100: 0.0000
Passwords cracked: 0/1953
password_recall@100: 0.0000
average_profile_recall@100: 0.0000
=== Iteration N=200 ===
Profiles evaluated: 200
Successful cracks: 14
success@200: 0.0700
profiles_with_at_least_2_hits@200: 0.0000
profiles_with_at_least_3_hits@200: 0.0000
Passwords cracked: 14/1953
password_recall@200: 0.0072
average_profile_recall@200: 0.0071
=== Iteration N=500 ===
Profiles evaluated: 200
Successful cracks: 46
success@500: 0.2300
profiles_with_at_least_2_hits@500: 0.0050
profiles_with_at_least_3_hits@500: 0.0000
Passwords cracked: 47/1953
password_recall@500: 0.0241
average_profile_recall@500: 0.0238
=== Iteration N=1000 ===
Profiles evaluated: 200
Successful cracks: 103
success@1000: 0.5150
profiles_with_at_least_2_hits@1000: 0.0750
profiles_with_at_least_3_hits@1000: 0.0050
Passwords cracked: 119/1953
password_recall@1000: 0.0609
average_profile_recall@1000: 0.0610
=== Iteration N=2000 ===
Profiles evaluated: 200
Successful cracks: 180
success@2000: 0.9000
profiles_with_at_least_2_hits@2000: 0.3900
profiles_with_at_least_3_hits@2000: 0.0750
Passwords cracked: 273/1953
password_recall@2000: 0.1398
average_profile_recall@2000: 0.1397
=== Iteration N=5000 ===
Profiles evaluated: 200
Successful cracks: 188
success@5000: 0.9400
profiles_with_at_least_2_hits@5000: 0.5400
profiles_with_at_least_3_hits@5000: 0.1300
Passwords cracked: 324/1953
password_recall@5000: 0.1659
average_profile_recall@5000: 0.1658
=== Iteration N=10000 ===
Profiles evaluated: 200
Successful cracks: 188
success@10000: 0.9400
profiles_with_at_least_2_hits@10000: 0.5550
profiles_with_at_least_3_hits@10000: 0.1400
Passwords cracked: 329/1953
password_recall@10000: 0.1685
average_profile_recall@10000: 0.1685
=== Iteration N=20000 ===
Profiles evaluated: 200
Successful cracks: 188
success@20000: 0.9400
profiles_with_at_least_2_hits@20000: 0.5550
profiles_with_at_least_3_hits@20000: 0.1400
Passwords cracked: 329/1953
password_recall@20000: 0.1685
average_profile_recall@20000: 0.1685
=== Iteration N=50000 ===
Profiles evaluated: 200
Successful cracks: 188
success@50000: 0.9400
profiles_with_at_least_2_hits@50000: 0.5550
profiles_with_at_least_3_hits@50000: 0.1400
Passwords cracked: 329/1953
password_recall@50000: 0.1685
average_profile_recall@50000: 0.1685
=== Iteration N=100000 ===
Profiles evaluated: 200
Successful cracks: 188
success@100000: 0.9400
profiles_with_at_least_2_hits@100000: 0.5550
profiles_with_at_least_3_hits@100000: 0.1400
Passwords cracked: 329/1953
password_recall@100000: 0.1685
average_profile_recall@100000: 0.1685
=== Iteration N=200000 ===
Profiles evaluated: 200
Successful cracks: 188
success@200000: 0.9400
profiles_with_at_least_2_hits@200000: 0.5550
profiles_with_at_least_3_hits@200000: 0.1400
Passwords cracked: 329/1953
password_recall@200000: 0.1685
average_profile_recall@200000: 0.1685
=== Iteration N=500000 ===
Profiles evaluated: 200
Successful cracks: 188
success@500000: 0.9400
profiles_with_at_least_2_hits@500000: 0.5550
profiles_with_at_least_3_hits@500000: 0.1400
Passwords cracked: 329/1953
password_recall@500000: 0.1685
average_profile_recall@500000: 0.1685
