=== Iteration N=100 ===
Profiles evaluated: 200
Successful cracks: 92
success@100: 0.4600
profiles_with_at_least_2_hits@100: 0.1450
profiles_with_at_least_3_hits@100: 0.0150
Passwords cracked: 124/1953
password_recall@100: 0.0635
average_profile_recall@100: 0.0638
=== Iteration N=200 ===
Profiles evaluated: 200
Successful cracks: 112
success@200: 0.5600
profiles_with_at_least_2_hits@200: 0.2050
profiles_with_at_least_3_hits@200: 0.0550
Passwords cracked: 165/1953
password_recall@200: 0.0845
average_profile_recall@200: 0.0847
=== Iteration N=500 ===
Profiles evaluated: 200
Successful cracks: 174
success@500: 0.8700
profiles_with_at_least_2_hits@500: 0.4500
profiles_with_at_least_3_hits@500: 0.1950
Passwords cracked: 314/1953
password_recall@500: 0.1608
average_profile_recall@500: 0.1611
=== Iteration N=1000 ===
Profiles evaluated: 200
Successful cracks: 180
success@1000: 0.9000
profiles_with_at_least_2_hits@1000: 0.5900
profiles_with_at_least_3_hits@1000: 0.2850
Passwords cracked: 379/1953
password_recall@1000: 0.1941
average_profile_recall@1000: 0.1943
=== Iteration N=2000 ===
Profiles evaluated: 200
Successful cracks: 191
success@2000: 0.9550
profiles_with_at_least_2_hits@2000: 0.6950
profiles_with_at_least_3_hits@2000: 0.3600
Passwords cracked: 439/1953
password_recall@2000: 0.2248
average_profile_recall@2000: 0.2253
=== Iteration N=5000 ===
Profiles evaluated: 200
Successful cracks: 197
success@5000: 0.9850
profiles_with_at_least_2_hits@5000: 0.7600
profiles_with_at_least_3_hits@5000: 0.4950
Passwords cracked: 513/1953
password_recall@5000: 0.2627
average_profile_recall@5000: 0.2630
=== Iteration N=10000 ===
Profiles evaluated: 200
Successful cracks: 197
success@10000: 0.9850
profiles_with_at_least_2_hits@10000: 0.8100
profiles_with_at_least_3_hits@10000: 0.5850
Passwords cracked: 560/1953
password_recall@10000: 0.2867
average_profile_recall@10000: 0.2872
=== Iteration N=20000 ===
Profiles evaluated: 200
Successful cracks: 197
success@20000: 0.9850
profiles_with_at_least_2_hits@20000: 0.8450
profiles_with_at_least_3_hits@20000: 0.6300
Passwords cracked: 596/1953
password_recall@20000: 0.3052
average_profile_recall@20000: 0.3053
=== Iteration N=50000 ===
Profiles evaluated: 200
Successful cracks: 197
success@50000: 0.9850
profiles_with_at_least_2_hits@50000: 0.8550
profiles_with_at_least_3_hits@50000: 0.6400
Passwords cracked: 611/1953
password_recall@50000: 0.3129
average_profile_recall@50000: 0.3128
=== Iteration N=100000 ===
Profiles evaluated: 200
Successful cracks: 197
success@100000: 0.9850
profiles_with_at_least_2_hits@100000: 0.8550
profiles_with_at_least_3_hits@100000: 0.6400
Passwords cracked: 611/1953
password_recall@100000: 0.3129
average_profile_recall@100000: 0.3128
=== Iteration N=200000 ===
Profiles evaluated: 200
Successful cracks: 197
success@200000: 0.9850
profiles_with_at_least_2_hits@200000: 0.8550
profiles_with_at_least_3_hits@200000: 0.6400
Passwords cracked: 611/1953
password_recall@200000: 0.3129
average_profile_recall@200000: 0.3128
=== Iteration N=500000 ===
Profiles evaluated: 200
Successful cracks: 197
success@500000: 0.9850
profiles_with_at_least_2_hits@500000: 0.8550
profiles_with_at_least_3_hits@500000: 0.6400
Passwords cracked: 611/1953
password_recall@500000: 0.3129
average_profile_recall@500000: 0.3128
