=== Iteration N=100 ===
Profiles evaluated: 200
Successful cracks: 0
success@100: 0.0000
profiles_with_at_least_2_hits@100: 0.0000
profiles_with_at_least_3_hits@100: 0.0000
Passwords cracked: 0/1953
password_recall@100: 0.0000
average_profile_recall@100: 0.0000

=== Iteration N=200 ===
Profiles evaluated: 200
Successful cracks: 0
success@200: 0.0000
profiles_with_at_least_2_hits@200: 0.0000
profiles_with_at_least_3_hits@200: 0.0000
Passwords cracked: 0/1953
password_recall@200: 0.0000
average_profile_recall@200: 0.0000

=== Iteration N=500 ===
Profiles evaluated: 200
Successful cracks: 0
success@500: 0.0000
profiles_with_at_least_2_hits@500: 0.0000
profiles_with_at_least_3_hits@500: 0.0000
Passwords cracked: 0/1953
password_recall@500: 0.0000
average_profile_recall@500: 0.0000

=== Iteration N=1000 ===
Profiles evaluated: 200
Successful cracks: 0
success@1000: 0.0000
profiles_with_at_least_2_hits@1000: 0.0000
profiles_with_at_least_3_hits@1000: 0.0000
Passwords cracked: 0/1953
password_recall@1000: 0.0000
average_profile_recall@1000: 0.0000

=== Iteration N=2000 ===
Profiles evaluated: 200
Successful cracks: 1
success@2000: 0.0050
profiles_with_at_least_2_hits@2000: 0.0000
profiles_with_at_least_3_hits@2000: 0.0000
Passwords cracked: 1/1953
password_recall@2000: 0.0005
average_profile_recall@2000: 0.0006

=== Iteration N=5000 ===
Profiles evaluated: 200
Successful cracks: 4
success@5000: 0.0200
profiles_with_at_least_2_hits@5000: 0.0000
profiles_with_at_least_3_hits@5000: 0.0000
Passwords cracked: 4/1953
password_recall@5000: 0.0020
average_profile_recall@5000: 0.0021

=== Iteration N=10000 ===
Profiles evaluated: 200
Successful cracks: 4
success@10000: 0.0200
profiles_with_at_least_2_hits@10000: 0.0000
profiles_with_at_least_3_hits@10000: 0.0000
Passwords cracked: 4/1953
password_recall@10000: 0.0020
average_profile_recall@10000: 0.0021

=== Iteration N=20000 ===
Profiles evaluated: 200
Successful cracks: 4
success@20000: 0.0200
profiles_with_at_least_2_hits@20000: 0.0000
profiles_with_at_least_3_hits@20000: 0.0000
Passwords cracked: 4/1953
password_recall@20000: 0.0020
average_profile_recall@20000: 0.0021

=== Iteration N=50000 ===
Profiles evaluated: 200
Successful cracks: 7
success@50000: 0.0350
profiles_with_at_least_2_hits@50000: 0.0000
profiles_with_at_least_3_hits@50000: 0.0000
Passwords cracked: 7/1953
password_recall@50000: 0.0036
average_profile_recall@50000: 0.0036

=== Iteration N=100000 ===
Profiles evaluated: 200
Successful cracks: 9
success@100000: 0.0450
profiles_with_at_least_2_hits@100000: 0.0000
profiles_with_at_least_3_hits@100000: 0.0000
Passwords cracked: 9/1953
password_recall@100000: 0.0046
average_profile_recall@100000: 0.0046

=== Iteration N=200000 ===
Profiles evaluated: 200
Successful cracks: 10
success@200000: 0.0500
profiles_with_at_least_2_hits@200000: 0.0000
profiles_with_at_least_3_hits@200000: 0.0000
Passwords cracked: 10/1953
password_recall@200000: 0.0051
average_profile_recall@200000: 0.0051

=== Iteration N=500000 ===
Profiles evaluated: 200
Successful cracks: 30
success@500000: 0.1500
profiles_with_at_least_2_hits@500000: 0.0150
profiles_with_at_least_3_hits@500000: 0.0000
Passwords cracked: 33/1953
password_recall@500000: 0.0169
average_profile_recall@500000: 0.0169
