=== Iteration N=100 ===
Profiles evaluated: 200
Successful cracks: 20
success@100: 0.1000
profiles_with_at_least_2_hits@100: 0.0000
profiles_with_at_least_3_hits@100: 0.0000
Passwords cracked: 20/1953
password_recall@100: 0.0102
average_profile_recall@100: 0.0101
=== Iteration N=200 ===
Profiles evaluated: 200
Successful cracks: 37
success@200: 0.1850
profiles_with_at_least_2_hits@200: 0.0100
profiles_with_at_least_3_hits@200: 0.0000
Passwords cracked: 39/1953
password_recall@200: 0.0200
average_profile_recall@200: 0.0199
=== Iteration N=500 ===
Profiles evaluated: 200
Successful cracks: 58
success@500: 0.2900
profiles_with_at_least_2_hits@500: 0.0350
profiles_with_at_least_3_hits@500: 0.0050
Passwords cracked: 66/1953
password_recall@500: 0.0338
average_profile_recall@500: 0.0338
=== Iteration N=1000 ===
Profiles evaluated: 200
Successful cracks: 73
success@1000: 0.3650
profiles_with_at_least_2_hits@1000: 0.0500
profiles_with_at_least_3_hits@1000: 0.0050
Passwords cracked: 84/1953
password_recall@1000: 0.0430
average_profile_recall@1000: 0.0430
=== Iteration N=2000 ===
Profiles evaluated: 200
Successful cracks: 94
success@2000: 0.4700
profiles_with_at_least_2_hits@2000: 0.1150
profiles_with_at_least_3_hits@2000: 0.0250
Passwords cracked: 122/1953
password_recall@2000: 0.0625
average_profile_recall@2000: 0.0623
=== Iteration N=5000 ===
Profiles evaluated: 200
Successful cracks: 124
success@5000: 0.6200
profiles_with_at_least_2_hits@5000: 0.2400
profiles_with_at_least_3_hits@5000: 0.0300
Passwords cracked: 179/1953
password_recall@5000: 0.0917
average_profile_recall@5000: 0.0913
=== Iteration N=10000 ===
Profiles evaluated: 200
Successful cracks: 150
success@10000: 0.7500
profiles_with_at_least_2_hits@10000: 0.3150
profiles_with_at_least_3_hits@10000: 0.0600
Passwords cracked: 227/1953
password_recall@10000: 0.1162
average_profile_recall@10000: 0.1159
=== Iteration N=20000 ===
Profiles evaluated: 200
Successful cracks: 165
success@20000: 0.8250
profiles_with_at_least_2_hits@20000: 0.4400
profiles_with_at_least_3_hits@20000: 0.1600
Passwords cracked: 294/1953
password_recall@20000: 0.1505
average_profile_recall@20000: 0.1500
=== Iteration N=50000 ===
Profiles evaluated: 200
Successful cracks: 179
success@50000: 0.8950
profiles_with_at_least_2_hits@50000: 0.5600
profiles_with_at_least_3_hits@50000: 0.2400
Passwords cracked: 361/1953
password_recall@50000: 0.1848
average_profile_recall@50000: 0.1842
=== Iteration N=100000 ===
Profiles evaluated: 200
Successful cracks: 189
success@100000: 0.9450
profiles_with_at_least_2_hits@100000: 0.6500
profiles_with_at_least_3_hits@100000: 0.3650
Passwords cracked: 427/1953
password_recall@100000: 0.2186
average_profile_recall@100000: 0.2181
=== Iteration N=200000 ===
Profiles evaluated: 200
Successful cracks: 196
success@200000: 0.9800
profiles_with_at_least_2_hits@200000: 0.7400
profiles_with_at_least_3_hits@200000: 0.4550
Passwords cracked: 493/1953
password_recall@200000: 0.2524
average_profile_recall@200000: 0.2520
=== Iteration N=500000 ===
Profiles evaluated: 200
Successful cracks: 199
success@500000: 0.9950
profiles_with_at_least_2_hits@500000: 0.7950
profiles_with_at_least_3_hits@500000: 0.5800
Passwords cracked: 551/1953
password_recall@500000: 0.2821
average_profile_recall@500000: 0.2824
