[1] 01cc7198-4eca-4afc-9333-dbcae38f6a73.json: generated<=1000000 true_passwords=10 cracked=1/10 hit=yes
  wordlist=experiments/wordlists/en_advanced_ehnanced_1m/01cc7198-4eca-4afc-9333-dbcae38f6a73.txt
[2] 029870dc-c34d-4956-b7a7-776a8a509dae.json: generated<=1000000 true_passwords=10 cracked=3/10 hit=yes
  wordlist=experiments/wordlists/en_advanced_ehnanced_1m/029870dc-c34d-4956-b7a7-776a8a509dae.txt
[3] 04cfdcc8-2937-4207-b001-f4748c6a9269.json: generated<=1000000 true_passwords=9 cracked=4/9 hit=yes
  wordlist=experiments/wordlists/en_advanced_ehnanced_1m/04cfdcc8-2937-4207-b001-f4748c6a9269.txt
[4] 0826c74b-09b2-4863-a708-8107357e20fe.json: generated<=1000000 true_passwords=9 cracked=2/9 hit=yes
  wordlist=experiments/wordlists/en_advanced_ehnanced_1m/0826c74b-09b2-4863-a708-8107357e20fe.txt
[5] 09824708-8c9a-48a9-948c-f7279c8cbba7.json: generated<=1000000 true_passwords=10 cracked=4/10 hit=yes
  wordlist=experiments/wordlists/en_advanced_ehnanced_1m/09824708-8c9a-48a9-948c-f7279c8cbba7.txt
[6] 0b738348-1e6d-4f42-83bb-27e4a0bd61a9.json: generated<=1000000 true_passwords=10 cracked=6/10 hit=yes
  wordlist=experiments/wordlists/en_advanced_ehnanced_1m/0b738348-1e6d-4f42-83bb-27e4a0bd61a9.txt
[7] 0bb8efc7-a37e-47d0-b464-fbd376d3f566.json: generated<=1000000 true_passwords=10 cracked=4/10 hit=yes
  wordlist=experiments/wordlists/en_advanced_ehnanced_1m/0bb8efc7-a37e-47d0-b464-fbd376d3f566.txt
[8] 0f554a9f-a0ba-4107-ab35-410c90843747.json: generated<=1000000 true_passwords=10 cracked=4/10 hit=yes
  wordlist=experiments/wordlists/en_advanced_ehnanced_1m/0f554a9f-a0ba-4107-ab35-410c90843747.txt
[9] 1039cacf-7432-4642-9287-cb02ed6bf072.json: generated<=1000000 true_passwords=9 cracked=3/9 hit=yes
  wordlist=experiments/wordlists/en_advanced_ehnanced_1m/1039cacf-7432-4642-9287-cb02ed6bf072.txt
[10] 10bfcd72-0cd5-45d8-8690-1bba7ae72328.json: generated<=1000000 true_passwords=10 cracked=3/10 hit=yes
  wordlist=experiments/wordlists/en_advanced_ehnanced_1m/10bfcd72-0cd5-45d8-8690-1bba7ae72328.txt
[11] 12c19c24-69d8-4d90-8540-aeb59766c8c9.json: generated<=1000000 true_passwords=10 cracked=1/10 hit=yes
  wordlist=experiments/wordlists/en_advanced_ehnanced_1m/12c19c24-69d8-4d90-8540-aeb59766c8c9.txt
[12] 142bb041-68b0-4e7c-92fe-5d3dde6d0913.json: generated<=1000000 true_passwords=10 cracked=4/10 hit=yes
  wordlist=experiments/wordlists/en_advanced_ehnanced_1m/142bb041-68b0-4e7c-92fe-5d3dde6d0913.txt
[13] 14882834-28af-46fd-9449-208f8c7cb27e.json: generated<=1000000 true_passwords=10 cracked=1/10 hit=yes
  wordlist=experiments/wordlists/en_advanced_ehnanced_1m/14882834-28af-46fd-9449-208f8c7cb27e.txt
[14] 1509da86-23e7-4b37-b8e7-b66a1b22f66d.json: generated<=1000000 true_passwords=10 cracked=2/10 hit=yes
  wordlist=experiments/wordlists/en_advanced_ehnanced_1m/1509da86-23e7-4b37-b8e7-b66a1b22f66d.txt
[15] 15a90430-cf88-420f-94a9-e27e117b0ee6.json: generated<=1000000 true_passwords=10 cracked=1/10 hit=yes
  wordlist=experiments/wordlists/en_advanced_ehnanced_1m/15a90430-cf88-420f-94a9-e27e117b0ee6.txt
[16] 171c7652-b536-4faa-b3ad-d0cda03e2778.json: generated<=1000000 true_passwords=10 cracked=3/10 hit=yes
  wordlist=experiments/wordlists/en_advanced_ehnanced_1m/171c7652-b536-4faa-b3ad-d0cda03e2778.txt
[17] 1765d238-c223-48e6-9bf5-7335b1e44b4a.json: generated<=1000000 true_passwords=10 cracked=1/10 hit=yes
  wordlist=experiments/wordlists/en_advanced_ehnanced_1m/1765d238-c223-48e6-9bf5-7335b1e44b4a.txt
[18] 198ece30-db04-4362-bef4-46fbf76ea607.json: generated<=1000000 true_passwords=10 cracked=4/10 hit=yes
  wordlist=experiments/wordlists/en_advanced_ehnanced_1m/198ece30-db04-4362-bef4-46fbf76ea607.txt
[19] 1a4df60e-bdd3-471a-966e-308f6814ecad.json: generated<=1000000 true_passwords=10 cracked=2/10 hit=yes
  wordlist=experiments/wordlists/en_advanced_ehnanced_1m/1a4df60e-bdd3-471a-966e-308f6814ecad.txt
[20] 1ab1c2ff-a938-4979-8380-a7809369d342.json: generated<=1000000 true_passwords=10 cracked=0/10 hit=no
  wordlist=experiments/wordlists/en_advanced_ehnanced_1m/1ab1c2ff-a938-4979-8380-a7809369d342.txt
[21] 1b403338-eea9-4f1c-b8e8-81d01626005b.json: generated<=1000000 true_passwords=10 cracked=6/10 hit=yes
  wordlist=experiments/wordlists/en_advanced_ehnanced_1m/1b403338-eea9-4f1c-b8e8-81d01626005b.txt
[22] 1c64b983-9643-4f01-bc06-642c9a7fca7f.json: generated<=1000000 true_passwords=10 cracked=2/10 hit=yes
  wordlist=experiments/wordlists/en_advanced_ehnanced_1m/1c64b983-9643-4f01-bc06-642c9a7fca7f.txt
[23] 1d3e2a46-50e5-4531-ab9e-f37c7f6d738d.json: generated<=1000000 true_passwords=10 cracked=2/10 hit=yes
  wordlist=experiments/wordlists/en_advanced_ehnanced_1m/1d3e2a46-50e5-4531-ab9e-f37c7f6d738d.txt
[24] 1d41d350-e2b5-4432-8eda-1aacabe68daf.json: generated<=1000000 true_passwords=9 cracked=2/9 hit=yes
  wordlist=experiments/wordlists/en_advanced_ehnanced_1m/1d41d350-e2b5-4432-8eda-1aacabe68daf.txt
[25] 1fde2c5d-52a5-4d73-a95d-f1439b985b41.json: generated<=1000000 true_passwords=10 cracked=4/10 hit=yes
  wordlist=experiments/wordlists/en_advanced_ehnanced_1m/1fde2c5d-52a5-4d73-a95d-f1439b985b41.txt
[26] 1ff7bab8-e96e-4098-8f62-c6dbcad27211.json: generated<=1000000 true_passwords=10 cracked=2/10 hit=yes
  wordlist=experiments/wordlists/en_advanced_ehnanced_1m/1ff7bab8-e96e-4098-8f62-c6dbcad27211.txt
[27] 20212a3c-bf99-4667-b6ab-a82a2dd438ac.json: generated<=1000000 true_passwords=10 cracked=3/10 hit=yes
  wordlist=experiments/wordlists/en_advanced_ehnanced_1m/20212a3c-bf99-4667-b6ab-a82a2dd438ac.txt
[28] 20e34cd1-bffe-4d10-ae46-804f224f55f7.json: generated<=1000000 true_passwords=10 cracked=2/10 hit=yes
  wordlist=experiments/wordlists/en_advanced_ehnanced_1m/20e34cd1-bffe-4d10-ae46-804f224f55f7.txt
[29] 23eb244a-7343-40a9-9be5-1c073d1a0809.json: generated<=1000000 true_passwords=10 cracked=4/10 hit=yes
  wordlist=experiments/wordlists/en_advanced_ehnanced_1m/23eb244a-7343-40a9-9be5-1c073d1a0809.txt
[30] 244b8726-128a-4bca-a73b-75e3733a305f.json: generated<=1000000 true_passwords=10 cracked=6/10 hit=yes
  wordlist=experiments/wordlists/en_advanced_ehnanced_1m/244b8726-128a-4bca-a73b-75e3733a305f.txt
[31] 24cec92a-06dd-45e1-b22e-d659b99101a2.json: generated<=1000000 true_passwords=10 cracked=2/10 hit=yes
  wordlist=experiments/wordlists/en_advanced_ehnanced_1m/24cec92a-06dd-45e1-b22e-d659b99101a2.txt
[32] 28385f4d-d3f3-467f-ba4a-31461ca8b2d6.json: generated<=1000000 true_passwords=10 cracked=3/10 hit=yes
  wordlist=experiments/wordlists/en_advanced_ehnanced_1m/28385f4d-d3f3-467f-ba4a-31461ca8b2d6.txt
[33] 28d9c42b-59e8-4985-9f38-1791e7d26d44.json: generated<=1000000 true_passwords=10 cracked=2/10 hit=yes
  wordlist=experiments/wordlists/en_advanced_ehnanced_1m/28d9c42b-59e8-4985-9f38-1791e7d26d44.txt
[34] 296f0b06-7e1d-4864-8b53-12041cf0886c.json: generated<=1000000 true_passwords=10 cracked=2/10 hit=yes
  wordlist=experiments/wordlists/en_advanced_ehnanced_1m/296f0b06-7e1d-4864-8b53-12041cf0886c.txt
[35] 2a2ac07f-8191-4721-9ec5-3d302f8857c9.json: generated<=1000000 true_passwords=9 cracked=2/9 hit=yes
  wordlist=experiments/wordlists/en_advanced_ehnanced_1m/2a2ac07f-8191-4721-9ec5-3d302f8857c9.txt
[36] 2b4133f8-b02a-4c9a-afd5-dc0f004030db.json: generated<=1000000 true_passwords=10 cracked=2/10 hit=yes
  wordlist=experiments/wordlists/en_advanced_ehnanced_1m/2b4133f8-b02a-4c9a-afd5-dc0f004030db.txt
[37] 2ba4c52d-d605-4928-b156-c2d78cec7838.json: generated<=1000000 true_passwords=9 cracked=2/9 hit=yes
  wordlist=experiments/wordlists/en_advanced_ehnanced_1m/2ba4c52d-d605-4928-b156-c2d78cec7838.txt
[38] 2df3ee90-beb4-4206-9642-0a7d8f5351c6.json: generated<=1000000 true_passwords=9 cracked=3/9 hit=yes
  wordlist=experiments/wordlists/en_advanced_ehnanced_1m/2df3ee90-beb4-4206-9642-0a7d8f5351c6.txt
[39] 334a259f-d3af-46f7-b15b-3a14627b8569.json: generated<=1000000 true_passwords=9 cracked=2/9 hit=yes
  wordlist=experiments/wordlists/en_advanced_ehnanced_1m/334a259f-d3af-46f7-b15b-3a14627b8569.txt
[40] 343416ed-e7e4-4972-9077-e8632cefd312.json: generated<=1000000 true_passwords=10 cracked=3/10 hit=yes
  wordlist=experiments/wordlists/en_advanced_ehnanced_1m/343416ed-e7e4-4972-9077-e8632cefd312.txt
[41] 365da8b3-b200-48e2-a1ed-2f94d745e94d.json: generated<=1000000 true_passwords=10 cracked=1/10 hit=yes
  wordlist=experiments/wordlists/en_advanced_ehnanced_1m/365da8b3-b200-48e2-a1ed-2f94d745e94d.txt
[42] 3737c74e-984f-41b1-8cbe-6ff8e46aeaa8.json: generated<=1000000 true_passwords=10 cracked=2/10 hit=yes
  wordlist=experiments/wordlists/en_advanced_ehnanced_1m/3737c74e-984f-41b1-8cbe-6ff8e46aeaa8.txt
[43] 37c1e8c2-d5b1-4e4e-866c-4395b3be3481.json: generated<=1000000 true_passwords=10 cracked=2/10 hit=yes
  wordlist=experiments/wordlists/en_advanced_ehnanced_1m/37c1e8c2-d5b1-4e4e-866c-4395b3be3481.txt
[44] 3823e8b3-3afa-437a-b674-da4e24ed189e.json: generated<=1000000 true_passwords=10 cracked=6/10 hit=yes
  wordlist=experiments/wordlists/en_advanced_ehnanced_1m/3823e8b3-3afa-437a-b674-da4e24ed189e.txt
[45] 3879474d-5220-4a42-9842-eae28b4521a4.json: generated<=1000000 true_passwords=10 cracked=2/10 hit=yes
  wordlist=experiments/wordlists/en_advanced_ehnanced_1m/3879474d-5220-4a42-9842-eae28b4521a4.txt
[46] 391eb4d3-d46b-405b-976d-eb292280b2dd.json: generated<=1000000 true_passwords=9 cracked=3/9 hit=yes
  wordlist=experiments/wordlists/en_advanced_ehnanced_1m/391eb4d3-d46b-405b-976d-eb292280b2dd.txt
[47] 39265a05-92c1-4b02-8b62-ef84938d726b.json: generated<=1000000 true_passwords=10 cracked=3/10 hit=yes
  wordlist=experiments/wordlists/en_advanced_ehnanced_1m/39265a05-92c1-4b02-8b62-ef84938d726b.txt
[48] 3a6875bb-4379-48f3-98eb-7394fd39aa9c.json: generated<=1000000 true_passwords=10 cracked=2/10 hit=yes
  wordlist=experiments/wordlists/en_advanced_ehnanced_1m/3a6875bb-4379-48f3-98eb-7394fd39aa9c.txt
[49] 3c1baf9b-2407-460d-8e60-8f13d56e17f4.json: generated<=1000000 true_passwords=10 cracked=3/10 hit=yes
  wordlist=experiments/wordlists/en_advanced_ehnanced_1m/3c1baf9b-2407-460d-8e60-8f13d56e17f4.txt
[50] 3c5ad6c4-b9f3-4dff-b011-8e34e2ef75dc.json: generated<=1000000 true_passwords=10 cracked=2/10 hit=yes
  wordlist=experiments/wordlists/en_advanced_ehnanced_1m/3c5ad6c4-b9f3-4dff-b011-8e34e2ef75dc.txt
[51] 3d3b6755-250e-416f-8e2e-49fbf5aa8ba5.json: generated<=1000000 true_passwords=10 cracked=1/10 hit=yes
  wordlist=experiments/wordlists/en_advanced_ehnanced_1m/3d3b6755-250e-416f-8e2e-49fbf5aa8ba5.txt
[52] 4019ffd5-6081-4300-a419-f8b2dd0acb3a.json: generated<=1000000 true_passwords=10 cracked=3/10 hit=yes
  wordlist=experiments/wordlists/en_advanced_ehnanced_1m/4019ffd5-6081-4300-a419-f8b2dd0acb3a.txt
[53] 40c6c315-3260-4d27-97ba-cc893b746286.json: generated<=1000000 true_passwords=10 cracked=2/10 hit=yes
  wordlist=experiments/wordlists/en_advanced_ehnanced_1m/40c6c315-3260-4d27-97ba-cc893b746286.txt
[54] 42378bef-c430-41b4-8000-5ca44bddb615.json: generated<=1000000 true_passwords=9 cracked=2/9 hit=yes
  wordlist=experiments/wordlists/en_advanced_ehnanced_1m/42378bef-c430-41b4-8000-5ca44bddb615.txt
[55] 452e3c26-70cf-4507-93fc-04d6fcc3ee3a.json: generated<=1000000 true_passwords=10 cracked=3/10 hit=yes
  wordlist=experiments/wordlists/en_advanced_ehnanced_1m/452e3c26-70cf-4507-93fc-04d6fcc3ee3a.txt
[56] 45975571-b711-4a13-9d50-d0f66debd60a.json: generated<=1000000 true_passwords=10 cracked=1/10 hit=yes
  wordlist=experiments/wordlists/en_advanced_ehnanced_1m/45975571-b711-4a13-9d50-d0f66debd60a.txt
[57] 460f0f89-d6ed-4671-9d67-ebb7f40c21cd.json: generated<=1000000 true_passwords=10 cracked=3/10 hit=yes
  wordlist=experiments/wordlists/en_advanced_ehnanced_1m/460f0f89-d6ed-4671-9d67-ebb7f40c21cd.txt
[58] 46a6b092-e0f7-4c94-ad5b-4cd986488e2c.json: generated<=1000000 true_passwords=10 cracked=3/10 hit=yes
  wordlist=experiments/wordlists/en_advanced_ehnanced_1m/46a6b092-e0f7-4c94-ad5b-4cd986488e2c.txt
[59] 46ad250d-523a-46b9-98cc-3d7fc4ec5e05.json: generated<=1000000 true_passwords=9 cracked=3/9 hit=yes
  wordlist=experiments/wordlists/en_advanced_ehnanced_1m/46ad250d-523a-46b9-98cc-3d7fc4ec5e05.txt
[60] 48362fb6-ed47-4f54-adc0-1e6f0bbc348f.json: generated<=1000000 true_passwords=9 cracked=5/9 hit=yes
  wordlist=experiments/wordlists/en_advanced_ehnanced_1m/48362fb6-ed47-4f54-adc0-1e6f0bbc348f.txt
[61] 49de5d14-5de7-48ea-a44e-f5805aee95e7.json: generated<=1000000 true_passwords=10 cracked=3/10 hit=yes
  wordlist=experiments/wordlists/en_advanced_ehnanced_1m/49de5d14-5de7-48ea-a44e-f5805aee95e7.txt
[62] 4ad2c6b8-6bef-4591-bc3e-8cb14c987c65.json: generated<=1000000 true_passwords=10 cracked=5/10 hit=yes
  wordlist=experiments/wordlists/en_advanced_ehnanced_1m/4ad2c6b8-6bef-4591-bc3e-8cb14c987c65.txt
[63] 4c558050-0ab4-434d-9a51-267e90e95872.json: generated<=1000000 true_passwords=9 cracked=5/9 hit=yes
  wordlist=experiments/wordlists/en_advanced_ehnanced_1m/4c558050-0ab4-434d-9a51-267e90e95872.txt
[64] 4dbb5c33-8c41-4a41-b404-da3536b67393.json: generated<=1000000 true_passwords=9 cracked=2/9 hit=yes
  wordlist=experiments/wordlists/en_advanced_ehnanced_1m/4dbb5c33-8c41-4a41-b404-da3536b67393.txt
[65] 5261a4bc-e912-4a31-ba87-df7ab4976346.json: generated<=1000000 true_passwords=9 cracked=3/9 hit=yes
  wordlist=experiments/wordlists/en_advanced_ehnanced_1m/5261a4bc-e912-4a31-ba87-df7ab4976346.txt
[66] 52e6cb17-7088-4380-9d72-ceaa129a2c53.json: generated<=1000000 true_passwords=9 cracked=3/9 hit=yes
  wordlist=experiments/wordlists/en_advanced_ehnanced_1m/52e6cb17-7088-4380-9d72-ceaa129a2c53.txt
[67] 53f07c7c-f007-4b1e-b862-c2331984d7f7.json: generated<=1000000 true_passwords=9 cracked=3/9 hit=yes
  wordlist=experiments/wordlists/en_advanced_ehnanced_1m/53f07c7c-f007-4b1e-b862-c2331984d7f7.txt
[68] 56da1beb-ad35-4a02-a396-0af4ccfe8051.json: generated<=1000000 true_passwords=10 cracked=3/10 hit=yes
  wordlist=experiments/wordlists/en_advanced_ehnanced_1m/56da1beb-ad35-4a02-a396-0af4ccfe8051.txt
[69] 577d027b-484b-4a04-ab48-610db12bb743.json: generated<=1000000 true_passwords=10 cracked=3/10 hit=yes
  wordlist=experiments/wordlists/en_advanced_ehnanced_1m/577d027b-484b-4a04-ab48-610db12bb743.txt
[70] 5882f4b8-e5eb-4301-8341-be3efaffa59c.json: generated<=1000000 true_passwords=10 cracked=1/10 hit=yes
  wordlist=experiments/wordlists/en_advanced_ehnanced_1m/5882f4b8-e5eb-4301-8341-be3efaffa59c.txt
[71] 5acac37f-a09a-4a13-8b85-3a5595bf2698.json: generated<=1000000 true_passwords=10 cracked=3/10 hit=yes
  wordlist=experiments/wordlists/en_advanced_ehnanced_1m/5acac37f-a09a-4a13-8b85-3a5595bf2698.txt
[72] 5bda9301-5ade-4beb-9e4d-e37aa901fb5e.json: generated<=1000000 true_passwords=9 cracked=2/9 hit=yes
  wordlist=experiments/wordlists/en_advanced_ehnanced_1m/5bda9301-5ade-4beb-9e4d-e37aa901fb5e.txt
[73] 5c774b8b-683a-43a8-988d-e978a8f1e01b.json: generated<=1000000 true_passwords=9 cracked=2/9 hit=yes
  wordlist=experiments/wordlists/en_advanced_ehnanced_1m/5c774b8b-683a-43a8-988d-e978a8f1e01b.txt
[74] 5d052532-41db-4d14-ba39-ce5d0f2808c0.json: generated<=1000000 true_passwords=10 cracked=5/10 hit=yes
  wordlist=experiments/wordlists/en_advanced_ehnanced_1m/5d052532-41db-4d14-ba39-ce5d0f2808c0.txt
[75] 5f462ae6-2892-4ee2-86df-b37fc9441d46.json: generated<=1000000 true_passwords=10 cracked=1/10 hit=yes
  wordlist=experiments/wordlists/en_advanced_ehnanced_1m/5f462ae6-2892-4ee2-86df-b37fc9441d46.txt
[76] 6238411c-1a5f-4c2a-9c5c-0b1fdaded66c.json: generated<=1000000 true_passwords=10 cracked=5/10 hit=yes
  wordlist=experiments/wordlists/en_advanced_ehnanced_1m/6238411c-1a5f-4c2a-9c5c-0b1fdaded66c.txt
[77] 62400992-26e0-4504-9e32-75818e27fe20.json: generated<=1000000 true_passwords=9 cracked=2/9 hit=yes
  wordlist=experiments/wordlists/en_advanced_ehnanced_1m/62400992-26e0-4504-9e32-75818e27fe20.txt
[78] 624519d4-de7d-4174-8065-9786a9d1a420.json: generated<=1000000 true_passwords=10 cracked=1/10 hit=yes
  wordlist=experiments/wordlists/en_advanced_ehnanced_1m/624519d4-de7d-4174-8065-9786a9d1a420.txt
[79] 6272c9ac-133c-4161-9ba2-4752f0acaf40.json: generated<=1000000 true_passwords=10 cracked=2/10 hit=yes
  wordlist=experiments/wordlists/en_advanced_ehnanced_1m/6272c9ac-133c-4161-9ba2-4752f0acaf40.txt
[80] 63006571-e1eb-43f4-939b-16e27e0a7446.json: generated<=1000000 true_passwords=10 cracked=2/10 hit=yes
  wordlist=experiments/wordlists/en_advanced_ehnanced_1m/63006571-e1eb-43f4-939b-16e27e0a7446.txt
[81] 65177739-eb4e-4554-98f7-1587fcaaa7ce.json: generated<=1000000 true_passwords=10 cracked=3/10 hit=yes
  wordlist=experiments/wordlists/en_advanced_ehnanced_1m/65177739-eb4e-4554-98f7-1587fcaaa7ce.txt
[82] 677b940b-9a6b-4228-8b5f-c3b3eae21c5a.json: generated<=1000000 true_passwords=10 cracked=7/10 hit=yes
  wordlist=experiments/wordlists/en_advanced_ehnanced_1m/677b940b-9a6b-4228-8b5f-c3b3eae21c5a.txt
[83] 67f9b828-8926-44d8-92be-359634db82c0.json: generated<=1000000 true_passwords=10 cracked=5/10 hit=yes
  wordlist=experiments/wordlists/en_advanced_ehnanced_1m/67f9b828-8926-44d8-92be-359634db82c0.txt
[84] 6bbd2bf9-a1dc-4d68-a2cb-0e0df1dff039.json: generated<=1000000 true_passwords=10 cracked=1/10 hit=yes
  wordlist=experiments/wordlists/en_advanced_ehnanced_1m/6bbd2bf9-a1dc-4d68-a2cb-0e0df1dff039.txt
[85] 6c7f2bfa-9f92-440d-86ca-2ffaa919889d.json: generated<=1000000 true_passwords=10 cracked=2/10 hit=yes
  wordlist=experiments/wordlists/en_advanced_ehnanced_1m/6c7f2bfa-9f92-440d-86ca-2ffaa919889d.txt
[86] 6dbc0cd5-6645-461e-a6ff-94405c43d5bf.json: generated<=1000000 true_passwords=10 cracked=2/10 hit=yes
  wordlist=experiments/wordlists/en_advanced_ehnanced_1m/6dbc0cd5-6645-461e-a6ff-94405c43d5bf.txt
[87] 6ec86aab-f928-42d9-ad03-ad1d736e0c59.json: generated<=1000000 true_passwords=10 cracked=3/10 hit=yes
  wordlist=experiments/wordlists/en_advanced_ehnanced_1m/6ec86aab-f928-42d9-ad03-ad1d736e0c59.txt
[88] 7240d706-01c2-43f8-953d-f97bb9af2363.json: generated<=1000000 true_passwords=10 cracked=3/10 hit=yes
  wordlist=experiments/wordlists/en_advanced_ehnanced_1m/7240d706-01c2-43f8-953d-f97bb9af2363.txt
[89] 74a0b955-0e2a-42d2-ab72-4a3dadc7169c.json: generated<=1000000 true_passwords=10 cracked=4/10 hit=yes
  wordlist=experiments/wordlists/en_advanced_ehnanced_1m/74a0b955-0e2a-42d2-ab72-4a3dadc7169c.txt
[90] 75dc1afa-c823-49c2-bcef-0bf299f2ce60.json: generated<=1000000 true_passwords=9 cracked=2/9 hit=yes
  wordlist=experiments/wordlists/en_advanced_ehnanced_1m/75dc1afa-c823-49c2-bcef-0bf299f2ce60.txt
[91] 75ec5f1f-12ff-42f5-973f-0d160f43916d.json: generated<=1000000 true_passwords=10 cracked=3/10 hit=yes
  wordlist=experiments/wordlists/en_advanced_ehnanced_1m/75ec5f1f-12ff-42f5-973f-0d160f43916d.txt
[92] 76ce688d-ad24-4d09-abf8-448700987b12.json: generated<=1000000 true_passwords=9 cracked=2/9 hit=yes
  wordlist=experiments/wordlists/en_advanced_ehnanced_1m/76ce688d-ad24-4d09-abf8-448700987b12.txt
[93] 787e14fe-feb5-4289-858f-922706de3460.json: generated<=1000000 true_passwords=9 cracked=3/9 hit=yes
  wordlist=experiments/wordlists/en_advanced_ehnanced_1m/787e14fe-feb5-4289-858f-922706de3460.txt
[94] 7c137334-f0e1-4206-8abf-d1eac3a20fef.json: generated<=1000000 true_passwords=8 cracked=3/8 hit=yes
  wordlist=experiments/wordlists/en_advanced_ehnanced_1m/7c137334-f0e1-4206-8abf-d1eac3a20fef.txt
[95] 7d64bbff-5997-49b4-8439-a538ee9c6057.json: generated<=1000000 true_passwords=9 cracked=3/9 hit=yes
  wordlist=experiments/wordlists/en_advanced_ehnanced_1m/7d64bbff-5997-49b4-8439-a538ee9c6057.txt
[96] 7e58b619-8369-4e96-8364-052f59232208.json: generated<=1000000 true_passwords=10 cracked=2/10 hit=yes
  wordlist=experiments/wordlists/en_advanced_ehnanced_1m/7e58b619-8369-4e96-8364-052f59232208.txt
[97] 7ef5a9c1-4664-4dae-9874-b2ad2cfe129d.json: generated<=1000000 true_passwords=10 cracked=3/10 hit=yes
  wordlist=experiments/wordlists/en_advanced_ehnanced_1m/7ef5a9c1-4664-4dae-9874-b2ad2cfe129d.txt
[98] 83198e0e-3851-47ac-801a-23b0df473dbb.json: generated<=1000000 true_passwords=10 cracked=2/10 hit=yes
  wordlist=experiments/wordlists/en_advanced_ehnanced_1m/83198e0e-3851-47ac-801a-23b0df473dbb.txt
[99] 85805143-fe1d-42f5-bec8-e653bd0746f3.json: generated<=1000000 true_passwords=10 cracked=3/10 hit=yes
  wordlist=experiments/wordlists/en_advanced_ehnanced_1m/85805143-fe1d-42f5-bec8-e653bd0746f3.txt
[100] 87823ae6-8a97-4415-afc2-3e26f7004adf.json: generated<=1000000 true_passwords=10 cracked=2/10 hit=yes
  wordlist=experiments/wordlists/en_advanced_ehnanced_1m/87823ae6-8a97-4415-afc2-3e26f7004adf.txt
[101] 881ed257-3117-429d-ab83-a20ca2d54cfb.json: generated<=1000000 true_passwords=10 cracked=3/10 hit=yes
  wordlist=experiments/wordlists/en_advanced_ehnanced_1m/881ed257-3117-429d-ab83-a20ca2d54cfb.txt
[102] 8ab1d1a7-a7b2-4557-be5d-8e06eb84e7f9.json: generated<=1000000 true_passwords=10 cracked=3/10 hit=yes
  wordlist=experiments/wordlists/en_advanced_ehnanced_1m/8ab1d1a7-a7b2-4557-be5d-8e06eb84e7f9.txt
[103] 8dfec2ae-62f1-419e-a5cb-3eb652f82a99.json: generated<=1000000 true_passwords=10 cracked=3/10 hit=yes
  wordlist=experiments/wordlists/en_advanced_ehnanced_1m/8dfec2ae-62f1-419e-a5cb-3eb652f82a99.txt
[104] 8e69f809-fdc4-49b8-85fb-b770d2bad32d.json: generated<=1000000 true_passwords=9 cracked=3/9 hit=yes
  wordlist=experiments/wordlists/en_advanced_ehnanced_1m/8e69f809-fdc4-49b8-85fb-b770d2bad32d.txt
[105] 8f51a168-df86-4561-b3f3-fcdc5bd7a75f.json: generated<=1000000 true_passwords=9 cracked=2/9 hit=yes
  wordlist=experiments/wordlists/en_advanced_ehnanced_1m/8f51a168-df86-4561-b3f3-fcdc5bd7a75f.txt
[106] 91420164-d7ba-40a1-9cac-4edda43fd5a3.json: generated<=1000000 true_passwords=10 cracked=1/10 hit=yes
  wordlist=experiments/wordlists/en_advanced_ehnanced_1m/91420164-d7ba-40a1-9cac-4edda43fd5a3.txt
[107] 93778b25-432a-4356-a14a-5ceb9afda38b.json: generated<=1000000 true_passwords=10 cracked=4/10 hit=yes
  wordlist=experiments/wordlists/en_advanced_ehnanced_1m/93778b25-432a-4356-a14a-5ceb9afda38b.txt
[108] 95958e2a-2c65-4b37-9de6-6e38475e1982.json: generated<=1000000 true_passwords=10 cracked=5/10 hit=yes
  wordlist=experiments/wordlists/en_advanced_ehnanced_1m/95958e2a-2c65-4b37-9de6-6e38475e1982.txt
[109] 9774930c-9f33-46fa-bfa9-e83c7bcd0743.json: generated<=1000000 true_passwords=10 cracked=5/10 hit=yes
  wordlist=experiments/wordlists/en_advanced_ehnanced_1m/9774930c-9f33-46fa-bfa9-e83c7bcd0743.txt
[110] 978e8668-c3df-400b-81ae-716001a46202.json: generated<=1000000 true_passwords=10 cracked=2/10 hit=yes
  wordlist=experiments/wordlists/en_advanced_ehnanced_1m/978e8668-c3df-400b-81ae-716001a46202.txt
[111] 989075d4-4b29-4374-a9a5-8e57ad6cc0ce.json: generated<=1000000 true_passwords=10 cracked=3/10 hit=yes
  wordlist=experiments/wordlists/en_advanced_ehnanced_1m/989075d4-4b29-4374-a9a5-8e57ad6cc0ce.txt
[112] 989df211-a484-4d20-9b8e-ba5e7b662322.json: generated<=1000000 true_passwords=10 cracked=5/10 hit=yes
  wordlist=experiments/wordlists/en_advanced_ehnanced_1m/989df211-a484-4d20-9b8e-ba5e7b662322.txt
[113] 99635cd8-c7a7-4784-b129-28381344f070.json: generated<=1000000 true_passwords=10 cracked=1/10 hit=yes
  wordlist=experiments/wordlists/en_advanced_ehnanced_1m/99635cd8-c7a7-4784-b129-28381344f070.txt
[114] 9c39f305-c916-4a48-b2f9-d116c402b8da.json: generated<=1000000 true_passwords=10 cracked=2/10 hit=yes
  wordlist=experiments/wordlists/en_advanced_ehnanced_1m/9c39f305-c916-4a48-b2f9-d116c402b8da.txt
[115] 9cb7da21-61d7-4767-aa5c-46b963cbdb0e.json: generated<=1000000 true_passwords=10 cracked=5/10 hit=yes
  wordlist=experiments/wordlists/en_advanced_ehnanced_1m/9cb7da21-61d7-4767-aa5c-46b963cbdb0e.txt
[116] 9d3e3c1b-accc-470e-a68e-fd085ee96884.json: generated<=1000000 true_passwords=10 cracked=4/10 hit=yes
  wordlist=experiments/wordlists/en_advanced_ehnanced_1m/9d3e3c1b-accc-470e-a68e-fd085ee96884.txt
[117] 9ee32644-8ad4-47e8-aace-d14829874cbf.json: generated<=1000000 true_passwords=9 cracked=2/9 hit=yes
  wordlist=experiments/wordlists/en_advanced_ehnanced_1m/9ee32644-8ad4-47e8-aace-d14829874cbf.txt
[118] a13e502a-42db-4811-a694-6e4017a9aa97.json: generated<=1000000 true_passwords=9 cracked=4/9 hit=yes
  wordlist=experiments/wordlists/en_advanced_ehnanced_1m/a13e502a-42db-4811-a694-6e4017a9aa97.txt
[119] a2d16174-fde5-40b1-9155-7a50c8d02adb.json: generated<=1000000 true_passwords=9 cracked=4/9 hit=yes
  wordlist=experiments/wordlists/en_advanced_ehnanced_1m/a2d16174-fde5-40b1-9155-7a50c8d02adb.txt
[120] a435f430-df30-41d0-8439-e668da58c48c.json: generated<=1000000 true_passwords=10 cracked=3/10 hit=yes
  wordlist=experiments/wordlists/en_advanced_ehnanced_1m/a435f430-df30-41d0-8439-e668da58c48c.txt
[121] a4fe182c-5449-4842-9739-363760ca5a73.json: generated<=1000000 true_passwords=10 cracked=1/10 hit=yes
  wordlist=experiments/wordlists/en_advanced_ehnanced_1m/a4fe182c-5449-4842-9739-363760ca5a73.txt
[122] a5a9073c-6237-407b-8610-db23c7a79a1c.json: generated<=1000000 true_passwords=10 cracked=2/10 hit=yes
  wordlist=experiments/wordlists/en_advanced_ehnanced_1m/a5a9073c-6237-407b-8610-db23c7a79a1c.txt
[123] a60b8bcf-b958-4054-9a4e-7d98934fbdeb.json: generated<=1000000 true_passwords=10 cracked=2/10 hit=yes
  wordlist=experiments/wordlists/en_advanced_ehnanced_1m/a60b8bcf-b958-4054-9a4e-7d98934fbdeb.txt
[124] a6f287c2-4e99-4bf4-ac2e-7793b3b0d64f.json: generated<=1000000 true_passwords=10 cracked=3/10 hit=yes
  wordlist=experiments/wordlists/en_advanced_ehnanced_1m/a6f287c2-4e99-4bf4-ac2e-7793b3b0d64f.txt
[125] a86072ac-2b05-446a-bf68-b23ced497302.json: generated<=1000000 true_passwords=9 cracked=2/9 hit=yes
  wordlist=experiments/wordlists/en_advanced_ehnanced_1m/a86072ac-2b05-446a-bf68-b23ced497302.txt
[126] a88e0408-47d5-43a8-920b-66bc5df792ef.json: generated<=1000000 true_passwords=10 cracked=2/10 hit=yes
  wordlist=experiments/wordlists/en_advanced_ehnanced_1m/a88e0408-47d5-43a8-920b-66bc5df792ef.txt
[127] a9b450ca-8107-4f37-a2a3-cbc15824ccbf.json: generated<=1000000 true_passwords=9 cracked=3/9 hit=yes
  wordlist=experiments/wordlists/en_advanced_ehnanced_1m/a9b450ca-8107-4f37-a2a3-cbc15824ccbf.txt
[128] aa9bcfa9-3342-479f-a02c-8b5b08cab0d0.json: generated<=1000000 true_passwords=10 cracked=1/10 hit=yes
  wordlist=experiments/wordlists/en_advanced_ehnanced_1m/aa9bcfa9-3342-479f-a02c-8b5b08cab0d0.txt
[129] adbee101-a10a-4696-a7e0-91937ef12a6c.json: generated<=1000000 true_passwords=10 cracked=3/10 hit=yes
  wordlist=experiments/wordlists/en_advanced_ehnanced_1m/adbee101-a10a-4696-a7e0-91937ef12a6c.txt
[130] af892a2f-2655-4cde-ba83-90c2d8d0d163.json: generated<=1000000 true_passwords=10 cracked=1/10 hit=yes
  wordlist=experiments/wordlists/en_advanced_ehnanced_1m/af892a2f-2655-4cde-ba83-90c2d8d0d163.txt
[131] afe661a7-5b57-49d5-9856-71d4a6d1e602.json: generated<=1000000 true_passwords=10 cracked=3/10 hit=yes
  wordlist=experiments/wordlists/en_advanced_ehnanced_1m/afe661a7-5b57-49d5-9856-71d4a6d1e602.txt
[132] b019395e-3c08-4400-b3ba-3f0de0a27914.json: generated<=1000000 true_passwords=10 cracked=3/10 hit=yes
  wordlist=experiments/wordlists/en_advanced_ehnanced_1m/b019395e-3c08-4400-b3ba-3f0de0a27914.txt
[133] b091aa35-c035-4783-bba7-922c836c0a4f.json: generated<=1000000 true_passwords=10 cracked=3/10 hit=yes
  wordlist=experiments/wordlists/en_advanced_ehnanced_1m/b091aa35-c035-4783-bba7-922c836c0a4f.txt
[134] b1058846-da6e-4933-a550-340ae74a034a.json: generated<=1000000 true_passwords=9 cracked=5/9 hit=yes
  wordlist=experiments/wordlists/en_advanced_ehnanced_1m/b1058846-da6e-4933-a550-340ae74a034a.txt
[135] b146cb1e-55cf-4f58-97a6-55c3b935fbe1.json: generated<=1000000 true_passwords=10 cracked=1/10 hit=yes
  wordlist=experiments/wordlists/en_advanced_ehnanced_1m/b146cb1e-55cf-4f58-97a6-55c3b935fbe1.txt
[136] b49fe2b7-415e-4825-babb-00011880d07d.json: generated<=1000000 true_passwords=10 cracked=2/10 hit=yes
  wordlist=experiments/wordlists/en_advanced_ehnanced_1m/b49fe2b7-415e-4825-babb-00011880d07d.txt
[137] b5de773e-e583-4ba3-9006-8ab8a6a47d2a.json: generated<=1000000 true_passwords=10 cracked=4/10 hit=yes
  wordlist=experiments/wordlists/en_advanced_ehnanced_1m/b5de773e-e583-4ba3-9006-8ab8a6a47d2a.txt
[138] b67983f8-909f-44de-8dfd-cae70e80e012.json: generated<=1000000 true_passwords=10 cracked=3/10 hit=yes
  wordlist=experiments/wordlists/en_advanced_ehnanced_1m/b67983f8-909f-44de-8dfd-cae70e80e012.txt
[139] b98602d6-8203-4917-a78e-771956e7c749.json: generated<=1000000 true_passwords=10 cracked=2/10 hit=yes
  wordlist=experiments/wordlists/en_advanced_ehnanced_1m/b98602d6-8203-4917-a78e-771956e7c749.txt
[140] bae7ecae-9678-401d-a973-03ba8d3414e9.json: generated<=1000000 true_passwords=10 cracked=4/10 hit=yes
  wordlist=experiments/wordlists/en_advanced_ehnanced_1m/bae7ecae-9678-401d-a973-03ba8d3414e9.txt
[141] bafbe46f-9daa-474f-b2ef-4652b3e238af.json: generated<=1000000 true_passwords=10 cracked=3/10 hit=yes
  wordlist=experiments/wordlists/en_advanced_ehnanced_1m/bafbe46f-9daa-474f-b2ef-4652b3e238af.txt
[142] bb67bc20-d3f3-42ef-9c93-fce88b0065a2.json: generated<=1000000 true_passwords=9 cracked=2/9 hit=yes
  wordlist=experiments/wordlists/en_advanced_ehnanced_1m/bb67bc20-d3f3-42ef-9c93-fce88b0065a2.txt
[143] bba63e90-d517-4cb8-bd00-067ec7655cbc.json: generated<=1000000 true_passwords=9 cracked=3/9 hit=yes
  wordlist=experiments/wordlists/en_advanced_ehnanced_1m/bba63e90-d517-4cb8-bd00-067ec7655cbc.txt
[144] bd82d66b-e904-424a-bc5d-1ccacfa8afd9.json: generated<=1000000 true_passwords=10 cracked=0/10 hit=no
  wordlist=experiments/wordlists/en_advanced_ehnanced_1m/bd82d66b-e904-424a-bc5d-1ccacfa8afd9.txt
[145] bd9cb30a-886f-4dd9-8b24-860b4be5834e.json: generated<=1000000 true_passwords=10 cracked=1/10 hit=yes
  wordlist=experiments/wordlists/en_advanced_ehnanced_1m/bd9cb30a-886f-4dd9-8b24-860b4be5834e.txt
[146] bf0cd4f3-c3ac-4b89-b470-c9c172d927d0.json: generated<=1000000 true_passwords=10 cracked=4/10 hit=yes
  wordlist=experiments/wordlists/en_advanced_ehnanced_1m/bf0cd4f3-c3ac-4b89-b470-c9c172d927d0.txt
[147] c00a25ea-bc38-4fcf-8282-f24cf96591d9.json: generated<=1000000 true_passwords=10 cracked=2/10 hit=yes
  wordlist=experiments/wordlists/en_advanced_ehnanced_1m/c00a25ea-bc38-4fcf-8282-f24cf96591d9.txt
[148] c05eb94d-ab55-436e-810e-1d24c0f5ed54.json: generated<=1000000 true_passwords=10 cracked=2/10 hit=yes
  wordlist=experiments/wordlists/en_advanced_ehnanced_1m/c05eb94d-ab55-436e-810e-1d24c0f5ed54.txt
[149] c1a2c458-11f0-448a-8e27-e73091ebb268.json: generated<=1000000 true_passwords=9 cracked=3/9 hit=yes
  wordlist=experiments/wordlists/en_advanced_ehnanced_1m/c1a2c458-11f0-448a-8e27-e73091ebb268.txt
[150] c2adeeda-b947-465e-bcf9-cebf0a5b3b0d.json: generated<=1000000 true_passwords=10 cracked=5/10 hit=yes
  wordlist=experiments/wordlists/en_advanced_ehnanced_1m/c2adeeda-b947-465e-bcf9-cebf0a5b3b0d.txt
[151] c4a89345-62ef-4820-b20d-9a1e9df18877.json: generated<=1000000 true_passwords=9 cracked=3/9 hit=yes
  wordlist=experiments/wordlists/en_advanced_ehnanced_1m/c4a89345-62ef-4820-b20d-9a1e9df18877.txt
[152] c5cae712-046b-4571-a4d5-4037580e6c84.json: generated<=1000000 true_passwords=10 cracked=2/10 hit=yes
  wordlist=experiments/wordlists/en_advanced_ehnanced_1m/c5cae712-046b-4571-a4d5-4037580e6c84.txt
[153] c67ab4e3-5d13-48e3-ba6b-c704877637ae.json: generated<=1000000 true_passwords=10 cracked=3/10 hit=yes
  wordlist=experiments/wordlists/en_advanced_ehnanced_1m/c67ab4e3-5d13-48e3-ba6b-c704877637ae.txt
[154] c6f0f6b2-95ac-4fd4-8434-60508da2c814.json: generated<=1000000 true_passwords=10 cracked=2/10 hit=yes
  wordlist=experiments/wordlists/en_advanced_ehnanced_1m/c6f0f6b2-95ac-4fd4-8434-60508da2c814.txt
[155] c857afee-4966-418d-8e8d-c6712569fd47.json: generated<=1000000 true_passwords=8 cracked=1/8 hit=yes
  wordlist=experiments/wordlists/en_advanced_ehnanced_1m/c857afee-4966-418d-8e8d-c6712569fd47.txt
[156] c888ff7d-f25c-45ab-8bc7-d1b35fef3716.json: generated<=1000000 true_passwords=9 cracked=2/9 hit=yes
  wordlist=experiments/wordlists/en_advanced_ehnanced_1m/c888ff7d-f25c-45ab-8bc7-d1b35fef3716.txt
[157] c948ea5f-92d6-4652-b0f9-5d983ca126c8.json: generated<=1000000 true_passwords=10 cracked=5/10 hit=yes
  wordlist=experiments/wordlists/en_advanced_ehnanced_1m/c948ea5f-92d6-4652-b0f9-5d983ca126c8.txt
[158] ca316f27-133c-48d4-a2d9-2efc7d9ed51d.json: generated<=1000000 true_passwords=10 cracked=2/10 hit=yes
  wordlist=experiments/wordlists/en_advanced_ehnanced_1m/ca316f27-133c-48d4-a2d9-2efc7d9ed51d.txt
[159] cd737035-8105-424b-8986-404b729378be.json: generated<=1000000 true_passwords=10 cracked=3/10 hit=yes
  wordlist=experiments/wordlists/en_advanced_ehnanced_1m/cd737035-8105-424b-8986-404b729378be.txt
[160] cfdf4a5e-7a26-4ce0-8093-2af3c1086656.json: generated<=1000000 true_passwords=8 cracked=3/8 hit=yes
  wordlist=experiments/wordlists/en_advanced_ehnanced_1m/cfdf4a5e-7a26-4ce0-8093-2af3c1086656.txt
[161] cfe1ccfe-f9fc-4f29-8f34-3dc5b3605180.json: generated<=1000000 true_passwords=10 cracked=1/10 hit=yes
  wordlist=experiments/wordlists/en_advanced_ehnanced_1m/cfe1ccfe-f9fc-4f29-8f34-3dc5b3605180.txt
[162] cfec3f2c-455d-4298-ab33-35d9f45eff1b.json: generated<=1000000 true_passwords=10 cracked=2/10 hit=yes
  wordlist=experiments/wordlists/en_advanced_ehnanced_1m/cfec3f2c-455d-4298-ab33-35d9f45eff1b.txt
[163] d008d8b9-a8cf-4f93-a548-acd7916dcf0c.json: generated<=1000000 true_passwords=10 cracked=1/10 hit=yes
  wordlist=experiments/wordlists/en_advanced_ehnanced_1m/d008d8b9-a8cf-4f93-a548-acd7916dcf0c.txt
[164] d026f0c5-f4b7-4072-9cd6-40fef50aca11.json: generated<=1000000 true_passwords=10 cracked=4/10 hit=yes
  wordlist=experiments/wordlists/en_advanced_ehnanced_1m/d026f0c5-f4b7-4072-9cd6-40fef50aca11.txt
[165] d0496538-14d4-4a91-b1b0-4e3036673264.json: generated<=1000000 true_passwords=10 cracked=2/10 hit=yes
  wordlist=experiments/wordlists/en_advanced_ehnanced_1m/d0496538-14d4-4a91-b1b0-4e3036673264.txt
[166] d2ba8cdb-0813-4353-aceb-4baeb8ad7b65.json: generated<=1000000 true_passwords=10 cracked=4/10 hit=yes
  wordlist=experiments/wordlists/en_advanced_ehnanced_1m/d2ba8cdb-0813-4353-aceb-4baeb8ad7b65.txt
[167] d4b7a90b-42e1-4b2e-be90-f2efe6bcbd49.json: generated<=1000000 true_passwords=10 cracked=3/10 hit=yes
  wordlist=experiments/wordlists/en_advanced_ehnanced_1m/d4b7a90b-42e1-4b2e-be90-f2efe6bcbd49.txt
[168] d4f0fdef-aa36-444e-ad5c-c704ded79b30.json: generated<=1000000 true_passwords=10 cracked=2/10 hit=yes
  wordlist=experiments/wordlists/en_advanced_ehnanced_1m/d4f0fdef-aa36-444e-ad5c-c704ded79b30.txt
[169] d6ef10ee-d520-49db-a228-9b44c166bc56.json: generated<=1000000 true_passwords=10 cracked=4/10 hit=yes
  wordlist=experiments/wordlists/en_advanced_ehnanced_1m/d6ef10ee-d520-49db-a228-9b44c166bc56.txt
[170] d8b0a3ea-c7fa-4073-9d1e-35451b16c27e.json: generated<=1000000 true_passwords=10 cracked=2/10 hit=yes
  wordlist=experiments/wordlists/en_advanced_ehnanced_1m/d8b0a3ea-c7fa-4073-9d1e-35451b16c27e.txt
[171] d9ac7f7d-6acb-4611-8f6a-0eddcd77dc6f.json: generated<=1000000 true_passwords=9 cracked=2/9 hit=yes
  wordlist=experiments/wordlists/en_advanced_ehnanced_1m/d9ac7f7d-6acb-4611-8f6a-0eddcd77dc6f.txt
[172] dc88f07e-08e0-47e9-b320-32b123267bf0.json: generated<=1000000 true_passwords=10 cracked=4/10 hit=yes
  wordlist=experiments/wordlists/en_advanced_ehnanced_1m/dc88f07e-08e0-47e9-b320-32b123267bf0.txt
[173] ddc07990-20c9-48db-bbf6-25e0bdf8d2f9.json: generated<=1000000 true_passwords=10 cracked=2/10 hit=yes
  wordlist=experiments/wordlists/en_advanced_ehnanced_1m/ddc07990-20c9-48db-bbf6-25e0bdf8d2f9.txt
[174] de1a8ff5-71e1-4aae-9d9a-611195844ea9.json: generated<=1000000 true_passwords=10 cracked=1/10 hit=yes
  wordlist=experiments/wordlists/en_advanced_ehnanced_1m/de1a8ff5-71e1-4aae-9d9a-611195844ea9.txt
[175] df5272b7-56fe-458a-ba77-a4f0953d2fe9.json: generated<=1000000 true_passwords=10 cracked=4/10 hit=yes
  wordlist=experiments/wordlists/en_advanced_ehnanced_1m/df5272b7-56fe-458a-ba77-a4f0953d2fe9.txt
[176] dfe13baa-8e3f-4459-9cbe-a62ddc1bb44c.json: generated<=1000000 true_passwords=10 cracked=2/10 hit=yes
  wordlist=experiments/wordlists/en_advanced_ehnanced_1m/dfe13baa-8e3f-4459-9cbe-a62ddc1bb44c.txt
[177] e208cbdf-a6d2-422a-ac6e-57c6b7243df3.json: generated<=1000000 true_passwords=10 cracked=0/10 hit=no
  wordlist=experiments/wordlists/en_advanced_ehnanced_1m/e208cbdf-a6d2-422a-ac6e-57c6b7243df3.txt
[178] e4f542dd-83bf-4389-981b-10513ef0727d.json: generated<=1000000 true_passwords=10 cracked=3/10 hit=yes
  wordlist=experiments/wordlists/en_advanced_ehnanced_1m/e4f542dd-83bf-4389-981b-10513ef0727d.txt
[179] e55b058f-ddce-4f28-ab0f-e6ca5664edb7.json: generated<=1000000 true_passwords=10 cracked=2/10 hit=yes
  wordlist=experiments/wordlists/en_advanced_ehnanced_1m/e55b058f-ddce-4f28-ab0f-e6ca5664edb7.txt
[180] e6bf6e77-7b2a-4ea6-9388-e55564adf849.json: generated<=1000000 true_passwords=10 cracked=1/10 hit=yes
  wordlist=experiments/wordlists/en_advanced_ehnanced_1m/e6bf6e77-7b2a-4ea6-9388-e55564adf849.txt
[181] ea785f46-2ab4-4d0d-b0d9-1909306b3c20.json: generated<=1000000 true_passwords=9 cracked=2/9 hit=yes
  wordlist=experiments/wordlists/en_advanced_ehnanced_1m/ea785f46-2ab4-4d0d-b0d9-1909306b3c20.txt
[182] eb00aa4f-5444-4b03-baf4-16fde2304a4c.json: generated<=1000000 true_passwords=10 cracked=3/10 hit=yes
  wordlist=experiments/wordlists/en_advanced_ehnanced_1m/eb00aa4f-5444-4b03-baf4-16fde2304a4c.txt
[183] ebada2b8-e993-4618-8da4-fae4919855bd.json: generated<=1000000 true_passwords=10 cracked=3/10 hit=yes
  wordlist=experiments/wordlists/en_advanced_ehnanced_1m/ebada2b8-e993-4618-8da4-fae4919855bd.txt
[184] ecd00587-7977-43d2-bd3d-eb304ec836ed.json: generated<=1000000 true_passwords=10 cracked=3/10 hit=yes
  wordlist=experiments/wordlists/en_advanced_ehnanced_1m/ecd00587-7977-43d2-bd3d-eb304ec836ed.txt
[185] ee9b6521-1707-4418-a7a5-7909eb2b76f7.json: generated<=1000000 true_passwords=10 cracked=2/10 hit=yes
  wordlist=experiments/wordlists/en_advanced_ehnanced_1m/ee9b6521-1707-4418-a7a5-7909eb2b76f7.txt
[186] f0db192f-8d4f-49b0-8fe2-0e0629a937f5.json: generated<=1000000 true_passwords=9 cracked=2/9 hit=yes
  wordlist=experiments/wordlists/en_advanced_ehnanced_1m/f0db192f-8d4f-49b0-8fe2-0e0629a937f5.txt
[187] f16e71e7-1bed-4c1c-aff2-3938d858949c.json: generated<=1000000 true_passwords=10 cracked=2/10 hit=yes
  wordlist=experiments/wordlists/en_advanced_ehnanced_1m/f16e71e7-1bed-4c1c-aff2-3938d858949c.txt
[188] f195c8ed-759e-4372-b610-eacb3e91222a.json: generated<=1000000 true_passwords=10 cracked=2/10 hit=yes
  wordlist=experiments/wordlists/en_advanced_ehnanced_1m/f195c8ed-759e-4372-b610-eacb3e91222a.txt
[189] f2229b78-03b8-41d9-9f5a-fca811a760f1.json: generated<=1000000 true_passwords=9 cracked=3/9 hit=yes
  wordlist=experiments/wordlists/en_advanced_ehnanced_1m/f2229b78-03b8-41d9-9f5a-fca811a760f1.txt
[190] f575bdd4-1eb1-465e-9fab-8e1ffef03194.json: generated<=1000000 true_passwords=9 cracked=5/9 hit=yes
  wordlist=experiments/wordlists/en_advanced_ehnanced_1m/f575bdd4-1eb1-465e-9fab-8e1ffef03194.txt
[191] f6ce8e6e-3267-43c6-9db1-a8bb5523c2b2.json: generated<=1000000 true_passwords=9 cracked=2/9 hit=yes
  wordlist=experiments/wordlists/en_advanced_ehnanced_1m/f6ce8e6e-3267-43c6-9db1-a8bb5523c2b2.txt
[192] f841ef2f-318c-4da3-82f1-c334aff11b9b.json: generated<=1000000 true_passwords=9 cracked=1/9 hit=yes
  wordlist=experiments/wordlists/en_advanced_ehnanced_1m/f841ef2f-318c-4da3-82f1-c334aff11b9b.txt
[193] f8ed6f18-e2f3-4500-a875-9717ff8da68b.json: generated<=1000000 true_passwords=10 cracked=3/10 hit=yes
  wordlist=experiments/wordlists/en_advanced_ehnanced_1m/f8ed6f18-e2f3-4500-a875-9717ff8da68b.txt
[194] f9af688a-5098-49f7-a918-280a7c60c75f.json: generated<=1000000 true_passwords=10 cracked=4/10 hit=yes
  wordlist=experiments/wordlists/en_advanced_ehnanced_1m/f9af688a-5098-49f7-a918-280a7c60c75f.txt
[195] f9d50491-189d-4e19-9f91-0cc446fcc97a.json: generated<=1000000 true_passwords=10 cracked=3/10 hit=yes
  wordlist=experiments/wordlists/en_advanced_ehnanced_1m/f9d50491-189d-4e19-9f91-0cc446fcc97a.txt
[196] fb4e10ff-c38c-432e-959c-f7701e5fa83c.json: generated<=1000000 true_passwords=10 cracked=3/10 hit=yes
  wordlist=experiments/wordlists/en_advanced_ehnanced_1m/fb4e10ff-c38c-432e-959c-f7701e5fa83c.txt
[197] fcd9635e-a54c-44fa-8861-9f887ab70708.json: generated<=1000000 true_passwords=10 cracked=3/10 hit=yes
  wordlist=experiments/wordlists/en_advanced_ehnanced_1m/fcd9635e-a54c-44fa-8861-9f887ab70708.txt
[198] fd626502-2b74-4b8b-bce2-2dbc4ce61ec0.json: generated<=1000000 true_passwords=8 cracked=2/8 hit=yes
  wordlist=experiments/wordlists/en_advanced_ehnanced_1m/fd626502-2b74-4b8b-bce2-2dbc4ce61ec0.txt
[199] fe1e21ed-6e95-4759-84b0-84d5507ca974.json: generated<=1000000 true_passwords=10 cracked=2/10 hit=yes
  wordlist=experiments/wordlists/en_advanced_ehnanced_1m/fe1e21ed-6e95-4759-84b0-84d5507ca974.txt
[200] ffc8832c-249b-4783-adb5-88390cb4cf09.json: generated<=1000000 true_passwords=10 cracked=2/10 hit=yes
  wordlist=experiments/wordlists/en_advanced_ehnanced_1m/ffc8832c-249b-4783-adb5-88390cb4cf09.txt
=== Iteration N=100 ===
Profiles evaluated: 200
Successful cracks: 106
success@100: 0.5300
profiles_with_at_least_2_hits@100: 0.1900
profiles_with_at_least_3_hits@100: 0.0200
Passwords cracked: 148/1948
password_recall@100: 0.0760
average_profile_recall@100: 0.0760
=== Iteration N=200 ===
Profiles evaluated: 200
Successful cracks: 124
success@200: 0.6200
profiles_with_at_least_2_hits@200: 0.2650
profiles_with_at_least_3_hits@200: 0.0750
Passwords cracked: 193/1948
password_recall@200: 0.0991
average_profile_recall@200: 0.0990
=== Iteration N=500 ===
Profiles evaluated: 200
Successful cracks: 148
success@500: 0.7400
profiles_with_at_least_2_hits@500: 0.3800
profiles_with_at_least_3_hits@500: 0.1650
Passwords cracked: 266/1948
password_recall@500: 0.1366
average_profile_recall@500: 0.1366
=== Iteration N=1000 ===
Profiles evaluated: 200
Successful cracks: 181
success@1000: 0.9050
profiles_with_at_least_2_hits@1000: 0.5700
profiles_with_at_least_3_hits@1000: 0.2650
Passwords cracked: 365/1948
password_recall@1000: 0.1874
average_profile_recall@1000: 0.1878
=== Iteration N=2000 ===
Profiles evaluated: 200
Successful cracks: 191
success@2000: 0.9550
profiles_with_at_least_2_hits@2000: 0.6600
profiles_with_at_least_3_hits@2000: 0.3450
Passwords cracked: 421/1948
password_recall@2000: 0.2161
average_profile_recall@2000: 0.2171
=== Iteration N=5000 ===
Profiles evaluated: 200
Successful cracks: 195
success@5000: 0.9750
profiles_with_at_least_2_hits@5000: 0.7900
profiles_with_at_least_3_hits@5000: 0.4400
Passwords cracked: 481/1948
password_recall@5000: 0.2469
average_profile_recall@5000: 0.2477
=== Iteration N=10000 ===
Profiles evaluated: 200
Successful cracks: 197
success@10000: 0.9850
profiles_with_at_least_2_hits@10000: 0.8400
profiles_with_at_least_3_hits@10000: 0.4700
Passwords cracked: 512/1948
password_recall@10000: 0.2628
average_profile_recall@10000: 0.2635
=== Iteration N=20000 ===
Profiles evaluated: 200
Successful cracks: 197
success@20000: 0.9850
profiles_with_at_least_2_hits@20000: 0.8500
profiles_with_at_least_3_hits@20000: 0.4900
Passwords cracked: 528/1948
password_recall@20000: 0.2710
average_profile_recall@20000: 0.2717
=== Iteration N=50000 ===
Profiles evaluated: 200
Successful cracks: 197
success@50000: 0.9850
profiles_with_at_least_2_hits@50000: 0.8600
profiles_with_at_least_3_hits@50000: 0.5100
Passwords cracked: 537/1948
password_recall@50000: 0.2757
average_profile_recall@50000: 0.2763
=== Iteration N=100000 ===
Profiles evaluated: 200
Successful cracks: 197
success@100000: 0.9850
profiles_with_at_least_2_hits@100000: 0.8600
profiles_with_at_least_3_hits@100000: 0.5100
Passwords cracked: 537/1948
password_recall@100000: 0.2757
average_profile_recall@100000: 0.2763
=== Iteration N=200000 ===
Profiles evaluated: 200
Successful cracks: 197
success@200000: 0.9850
profiles_with_at_least_2_hits@200000: 0.8600
profiles_with_at_least_3_hits@200000: 0.5150
Passwords cracked: 538/1948
password_recall@200000: 0.2762
average_profile_recall@200000: 0.2768
=== Iteration N=500000 ===
Profiles evaluated: 200
Successful cracks: 197
success@500000: 0.9850
profiles_with_at_least_2_hits@500000: 0.8600
profiles_with_at_least_3_hits@500000: 0.5150
Passwords cracked: 538/1948
password_recall@500000: 0.2762
average_profile_recall@500000: 0.2768
=== Iteration N=1000000 ===
Profiles evaluated: 200
Successful cracks: 197
success@1000000: 0.9850
profiles_with_at_least_2_hits@1000000: 0.8600
profiles_with_at_least_3_hits@1000000: 0.5150
Passwords cracked: 538/1948
password_recall@1000000: 0.2762
average_profile_recall@1000000: 0.2768
