=== Iteration N=100 ===
Profiles evaluated: 200
Successful cracks: 0
success@100: 0.0000
profiles_with_at_least_2_hits@100: 0.0000
profiles_with_at_least_3_hits@100: 0.0000
Passwords cracked: 0/1948
password_recall@100: 0.0000
average_profile_recall@100: 0.0000

=== Iteration N=200 ===
Profiles evaluated: 200
Successful cracks: 0
success@200: 0.0000
profiles_with_at_least_2_hits@200: 0.0000
profiles_with_at_least_3_hits@200: 0.0000
Passwords cracked: 0/1948
password_recall@200: 0.0000
average_profile_recall@200: 0.0000

=== Iteration N=500 ===
Profiles evaluated: 200
Successful cracks: 0
success@500: 0.0000
profiles_with_at_least_2_hits@500: 0.0000
profiles_with_at_least_3_hits@500: 0.0000
Passwords cracked: 0/1948
password_recall@500: 0.0000
average_profile_recall@500: 0.0000

=== Iteration N=1000 ===
Profiles evaluated: 200
Successful cracks: 0
success@1000: 0.0000
profiles_with_at_least_2_hits@1000: 0.0000
profiles_with_at_least_3_hits@1000: 0.0000
Passwords cracked: 0/1948
password_recall@1000: 0.0000
average_profile_recall@1000: 0.0000

=== Iteration N=2000 ===
Profiles evaluated: 200
Successful cracks: 0
success@2000: 0.0000
profiles_with_at_least_2_hits@2000: 0.0000
profiles_with_at_least_3_hits@2000: 0.0000
Passwords cracked: 0/1948
password_recall@2000: 0.0000
average_profile_recall@2000: 0.0000

=== Iteration N=5000 ===
Profiles evaluated: 200
Successful cracks: 2
success@5000: 0.0100
profiles_with_at_least_2_hits@5000: 0.0000
profiles_with_at_least_3_hits@5000: 0.0000
Passwords cracked: 2/1948
password_recall@5000: 0.0010
average_profile_recall@5000: 0.0010

=== Iteration N=10000 ===
Profiles evaluated: 200
Successful cracks: 5
success@10000: 0.0250
profiles_with_at_least_2_hits@10000: 0.0000
profiles_with_at_least_3_hits@10000: 0.0000
Passwords cracked: 5/1948
password_recall@10000: 0.0026
average_profile_recall@10000: 0.0026

=== Iteration N=20000 ===
Profiles evaluated: 200
Successful cracks: 11
success@20000: 0.0550
profiles_with_at_least_2_hits@20000: 0.0000
profiles_with_at_least_3_hits@20000: 0.0000
Passwords cracked: 11/1948
password_recall@20000: 0.0056
average_profile_recall@20000: 0.0056

=== Iteration N=50000 ===
Profiles evaluated: 200
Successful cracks: 18
success@50000: 0.0900
profiles_with_at_least_2_hits@50000: 0.0000
profiles_with_at_least_3_hits@50000: 0.0000
Passwords cracked: 18/1948
password_recall@50000: 0.0092
average_profile_recall@50000: 0.0092

=== Iteration N=100000 ===
Profiles evaluated: 200
Successful cracks: 25
success@100000: 0.1250
profiles_with_at_least_2_hits@100000: 0.0000
profiles_with_at_least_3_hits@100000: 0.0000
Passwords cracked: 25/1948
password_recall@100000: 0.0128
average_profile_recall@100000: 0.0128

=== Iteration N=200000 ===
Profiles evaluated: 200
Successful cracks: 32
success@200000: 0.1600
profiles_with_at_least_2_hits@200000: 0.0050
profiles_with_at_least_3_hits@200000: 0.0000
Passwords cracked: 33/1948
password_recall@200000: 0.0169
average_profile_recall@200000: 0.0169

=== Iteration N=500000 ===
Profiles evaluated: 200
Successful cracks: 51
success@500000: 0.2550
profiles_with_at_least_2_hits@500000: 0.0200
profiles_with_at_least_3_hits@500000: 0.0000
Passwords cracked: 55/1948
password_recall@500000: 0.0282
average_profile_recall@500000: 0.0282

=== Iteration N=1000000 ===
Profiles evaluated: 200
Successful cracks: 66
success@1000000: 0.3300
profiles_with_at_least_2_hits@1000000: 0.0350
profiles_with_at_least_3_hits@1000000: 0.0000
Passwords cracked: 73/1948
password_recall@1000000: 0.0375
average_profile_recall@1000000: 0.0377
